$ bun run build:workspace-deps && bun run sync-assets && dotenv -e ./.env.local --override -- next dev --port 3002
$ bun run --cwd ../../packages/core build && bun run --cwd ../../packages/viewer build
$ tsc --build
$ tsc --build
$ node ../../packages/editor-assets/bin/pascal-editor-assets.mjs sync --target ./public --clean
[browser] A tree hydrated but some attributes of the server rendered HTML didn't match the client properties. This won't be patched up. This can happen if a SSR-ed Client Component used:

- A server/client branch `if (typeof window !== 'undefined')`.
- Variable input such as `Date.now()` or `Math.random()` which changes each time it's called.
- Date formatting in a user's locale which doesn't match the server.
- External changing data without sending a snapshot of it along with the HTML.
- Invalid HTML tag nesting.

It can also happen if the client has a browser extension installed which messes with the HTML before React loaded.

https://react.dev/link/hydration-mismatch

  ...
    <HotReload globalError={[...]} webSocket={WebSocket} staticIndicatorState={{pathname:null, ...}}>
      <AppDevOverlayErrorBoundary globalError={[...]}>
        <ReplaySsrOnlyErrors>
        <DevRootHTTPAccessFallbackBoundary>
          <HTTPAccessFallbackBoundary notFound={<NotAllowedRootHTTPFallbackError>}>
            <HTTPAccessFallbackErrorBoundary pathname="/" notFound={<NotAllowedRootHTTPFallbackError>} ...>
              <RedirectBoundary>
                <RedirectErrorBoundary router={{...}}>
                  <Head>
                  <__next_root_layout_boundary__>
                    <SegmentViewNode type="layout" pagePath="layout.tsx">
                      <SegmentTrieNode>
                      <link>
                      <script>
                      <script>
                      <RootLayout>
                        <html className="geistsans_..." lang="en">
                          <body
                            className="font-sans"
-                           ai-translate-version="3.0.2"
-                           ai-translate-id="dkmejdpchbkcihdlengmhifgnigdjmba"
-                           ai-translate-oem="lenovo"
                          >
                  ...
 
    at <unknown> (file://C:/Users/yxzdt/Desktop/服务外包/buildingEnergy/apps/editor/.next/dev/static/chunks/0nan_next_dist_compiled_react-dom_0-5eaha._.js:3439:25)
    at runWithFiberInDEV (file://C:/Users/yxzdt/Desktop/服务外包/buildingEnergy/apps/editor/.next/dev/static/chunks/0nan_next_dist_compiled_react-dom_0-5eaha._.js:965:74)
    at emitPendingHydrationWarnings (file://C:/Users/yxzdt/Desktop/服务外包/buildingEnergy/apps/editor/.next/dev/static/chunks/0nan_next_dist_compiled_react-dom_0-5eaha._.js:3438:13)
    at completeWork (file://C:/Users/yxzdt/Desktop/服务外包/buildingEnergy/apps/editor/.next/dev/static/chunks/0nan_next_dist_compiled_react-dom_0-5eaha._.js:6885:102)
    at runWithFiberInDEV (file://C:/Users/yxzdt/Desktop/服务外包/buildingEnergy/apps/editor/.next/dev/static/chunks/0nan_next_dist_compiled_react-dom_0-5eaha._.js:965:131)
    at completeUnitOfWork (file://C:/Users/yxzdt/Desktop/服务外包/buildingEnergy/apps/editor/.next/dev/static/chunks/0nan_next_dist_compiled_react-dom_0-5eaha._.js:9622:23)
    at performUnitOfWork (file://C:/Users/yxzdt/Desktop/服务外包/buildingEnergy/apps/editor/.next/dev/static/chunks/0nan_next_dist_compiled_react-dom_0-5eaha._.js:9557:28)
    at workLoopConcurrentByScheduler (file://C:/Users/yxzdt/Desktop/服务外包/buildingEnergy/apps/editor/.next/dev/static/chunks/0nan_next_dist_compiled_react-dom_0-5eaha._.js:9551:58)
    at renderRootConcurrent (file://C:/Users/yxzdt/Desktop/服务外包/buildingEnergy/apps/editor/.next/dev/static/chunks/0nan_next_dist_compiled_react-dom_0-5eaha._.js:9534:71)
    at performWorkOnRoot (file://C:/Users/yxzdt/Desktop/服务外包/buildingEnergy/apps/editor/.next/dev/static/chunks/0nan_next_dist_compiled_react-dom_0-5eaha._.js:9061:150)
    at performWorkOnRootViaSchedulerTask (file://C:/Users/yxzdt/Desktop/服务外包/buildingEnergy/apps/editor/.next/dev/static/chunks/0nan_next_dist_compiled_react-dom_0-5eaha._.js:10255:9)
    at MessagePort.performWorkUntilDeadline (file://C:/Users/yxzdt/Desktop/服务外包/buildingEnergy/apps/editor/.next/dev/static/chunks/0nan_next_dist_compiled_020_qqi._.js:2647:64) (file://C:/Users/yxzdt/Desktop/服务外包/buildingEnergy/apps/editor/.next/dev/static/chunks/0nan_next_dist_compiled_react-dom_0-5eaha._.js:3439:25)
[browser] THREE.THREE.Clock: This module has been deprecated. Please use THREE.Timer instead. (file://C:/Users/yxzdt/Desktop/服务外包/buildingEnergy/apps/editor/.next/dev/static/chunks/0nan_next_dist_0re-alt._.js:2431:13)
error: script "dev" exited with code 58
