[     638ms] [INFO] %cDownload the React DevTools for a better development experience: https://react.dev/link/react-devtools font-weight:bold @ http://localhost:3002/_next/static/chunks/0nan_next_dist_0re-alt._.js:2431
[     770ms] [LOG] [HMR] connected @ http://localhost:3002/_next/static/chunks/0nan_next_dist_0re-alt._.js:2431
[    3511ms] [WARNING] THREE.THREE.Clock: This module has been deprecated. Please use THREE.Timer instead. @ http://localhost:3002/_next/static/chunks/0nan_next_dist_0re-alt._.js:2431
[    3541ms] [ERROR] Failed to load resource: the server responded with a status of 404 (Not Found) @ http://localhost:3010/projects/building/assets/1779616295563-4bda6117.glb:0
[    3541ms] [ERROR] Failed to load resource: the server responded with a status of 404 (Not Found) @ http://localhost:3010/projects/building/assets/1779616305118-b0fa5c40.glb:0
[    4766ms] [WARNING] The powerPreference option is currently ignored when calling requestAdapter() on Windows. See https://crbug.com/369219127 @ http://localhost:3002/_next/static/chunks/07nq_three_build_three_webgpu_0~8eknf.js:54770
[    4945ms] [WARNING] [viewer] Skipping KTX2 support detection for now. Error: Renderer: .hasFeature() called before the backend is initialized. Use "await renderer.init();" before before using this method.
    at WebGPURenderer.hasFeature (http://localhost:3002/_next/static/chunks/07nq_three_build_three_webgpu_0~8eknf.js:42217:19)
    at KTX2Loader.detectSupport (http://localhost:3002/_next/static/chunks/07nq_three_examples_jsm_06w-~s6._.js:2139:41)
    at useGLTFKTX2.useGLTF (http://localhost:3002/_next/static/chunks/packages_viewer_dist_0p7g7kr._.js:2419:40)
    at http://localhost:3002/_next/static/chunks/node_modules__bun_0veowj6._.js:532:13
    at http://localhost:3002/_next/static/chunks/0w35_%40react-three_fiber_dist_0ct~yi3._.js:1228:25
    at query (http://localhost:3002/_next/static/chunks/node_modules__bun_12vaf3i._.js:2105:40)
    at suspend (http://localhost:3002/_next/static/chunks/node_modules__bun_12vaf3i._.js:2118:37)
    at useLoader (http://localhost:3002/_next/static/chunks/0w35_%40react-three_fiber_dist_0ct~yi3._.js:1246:257)
    at useGLTF (http://localhost:3002/_next/static/chunks/node_modules__bun_0veowj6._.js:546:379)
    at useGLTFKTX2 (http://localhost:3002/_next/static/chunks/packages_viewer_dist_0p7g7kr._.js:2414:272)
    at ScanModel (http://localhost:3002/_next/static/chunks/packages_viewer_dist_0p7g7kr._.js:2533:195)
    at Object.react_stack_bottom_frame (http://localhost:3002/_next/static/chunks/0w35_%40react-three_fiber_dist_0ct~yi3._.js:13199:32)
    at It (http://localhost:3002/_next/static/chunks/0w35_%40react-three_fiber_dist_0ct~yi3._.js:9068:25)
    at ks (http://localhost:3002/_next/static/chunks/0w35_%40react-three_fiber_dist_0ct~yi3._.js:10188:374)
    at ve (http://localhost:3002/_next/static/chunks/0w35_%40react-three_fiber_dist_0ct~yi3._.js:10087:24)
    at mf (http://localhost:3002/_next/static/chunks/0w35_%40react-three_fiber_dist_0ct~yi3._.js:10073:160)
    at tt (http://localhost:3002/_next/static/chunks/0w35_%40react-three_fiber_dist_0ct~yi3._.js:10577:32)
    at B (http://localhost:3002/_next/static/chunks/0w35_%40react-three_fiber_dist_0ct~yi3._.js:7885:70)
    at Ph (http://localhost:3002/_next/static/chunks/0w35_%40react-three_fiber_dist_0ct~yi3._.js:12411:50)
    at wh (http://localhost:3002/_next/static/chunks/0w35_%40react-three_fiber_dist_0ct~yi3._.js:12328:36)
    at Ff (http://localhost:3002/_next/static/chunks/0w35_%40react-three_fiber_dist_0ct~yi3._.js:12319:21)
    at Lf (http://localhost:3002/_next/static/chunks/0w35_%40react-three_fiber_dist_0ct~yi3._.js:12071:104)
    at Tu (http://localhost:3002/_next/static/chunks/0w35_%40react-three_fiber_dist_0ct~yi3._.js:8282:129)
    at MessagePort.performWorkUntilDeadline (http://localhost:3002/_next/static/chunks/node_modules__bun_12vaf3i._.js:2167:64) @ http://localhost:3002/_next/static/chunks/0nan_next_dist_0re-alt._.js:2431
[    5041ms] [ERROR] Failed to load resource: the server responded with a status of 404 (Not Found) @ http://localhost:3010/projects/building/assets/1779616295563-4bda6117.glb:0
[    5041ms] [ERROR] Failed to load resource: the server responded with a status of 404 (Not Found) @ http://localhost:3010/projects/building/assets/1779616305118-b0fa5c40.glb:0
[    6227ms] Error: Could not load http://localhost:3010/projects/building/assets/1779616295563-4bda6117.glb: fetch for "http://localhost:3010/projects/building/assets/1779616295563-4bda6117.glb" responded with 404: Not Found
    at http://localhost:3002/_next/static/chunks/0w35_%40react-three_fiber_dist_0ct~yi3._.js:1233:48
    at Object._onError [as onError] (http://localhost:3002/_next/static/chunks/0zlr_three-stdlib_0btc.-o._.js:907:17)
    at http://localhost:3002/_next/static/chunks/07nq_three_build_three_core_0bu59hz.js:31775:48
[    6406ms] [ERROR] %o

%s Error: Could not load http://localhost:3010/projects/building/assets/1779616295563-4bda6117.glb: fetch for "http://localhost:3010/projects/building/assets/1779616295563-4bda6117.glb" responded with 404: Not Found
    at http://localhost:3002/_next/static/chunks/0w35_%40react-three_fiber_dist_0ct~yi3._.js:1233:48
    at Object._onError [as onError] (http://localhost:3002/_next/static/chunks/0zlr_three-stdlib_0btc.-o._.js:907:17)
    at http://localhost:3002/_next/static/chunks/07nq_three_build_three_core_0bu59hz.js:31775:48 The above error occurred in the <CanvasImpl> component. It was handled by the <ErrorBoundary> error boundary. @ http://localhost:3002/_next/static/chunks/0nan_next_dist_client_0e.jdgy._.js:1998
[    6406ms] [ERROR] Uncaught error: Error: Could not load http://localhost:3010/projects/building/assets/1779616295563-4bda6117.glb: fetch for "http://localhost:3010/projects/building/assets/1779616295563-4bda6117.glb" responded with 404: Not Found
    at http://localhost:3002/_next/static/chunks/0w35_%40react-three_fiber_dist_0ct~yi3._.js:1233:48
    at Object._onError [as onError] (http://localhost:3002/_next/static/chunks/0zlr_three-stdlib_0btc.-o._.js:907:17)
    at http://localhost:3002/_next/static/chunks/07nq_three_build_three_core_0bu59hz.js:31775:48 {componentStack: 
    at CanvasImpl (http://localhost:3002/_next/st…unks/0nan_next_dist_client_0e.jdgy._.js:15069:17)} @ http://localhost:3002/_next/static/chunks/0nan_next_dist_0re-alt._.js:3272
[   54196ms] [ERROR] Failed to load resource: net::ERR_CONNECTION_CLOSED @ https://editor.pascal.app/items/kitchen-cabinet/model.glb:0
[   76763ms] [INFO] %cDownload the React DevTools for a better development experience: https://react.dev/link/react-devtools font-weight:bold @ http://localhost:3002/_next/static/chunks/0nan_next_dist_0re-alt._.js:2431
[   76861ms] [LOG] [HMR] connected @ http://localhost:3002/_next/static/chunks/0nan_next_dist_0re-alt._.js:2431
[   79823ms] [WARNING] THREE.THREE.Clock: This module has been deprecated. Please use THREE.Timer instead. @ http://localhost:3002/_next/static/chunks/0nan_next_dist_0re-alt._.js:2431
[   79853ms] [ERROR] Failed to load resource: the server responded with a status of 404 (Not Found) @ http://localhost:3010/projects/building/assets/1779616295563-4bda6117.glb:0
[   79853ms] [ERROR] Failed to load resource: the server responded with a status of 404 (Not Found) @ http://localhost:3010/projects/building/assets/1779616305118-b0fa5c40.glb:0
[   81095ms] [WARNING] The powerPreference option is currently ignored when calling requestAdapter() on Windows. See https://crbug.com/369219127 @ http://localhost:3002/_next/static/chunks/07nq_three_build_three_webgpu_0~8eknf.js:54770
[   81279ms] [WARNING] [viewer] Skipping KTX2 support detection for now. Error: Renderer: .hasFeature() called before the backend is initialized. Use "await renderer.init();" before before using this method.
    at WebGPURenderer.hasFeature (http://localhost:3002/_next/static/chunks/07nq_three_build_three_webgpu_0~8eknf.js:42217:19)
    at KTX2Loader.detectSupport (http://localhost:3002/_next/static/chunks/07nq_three_examples_jsm_06w-~s6._.js:2139:41)
    at useGLTFKTX2.useGLTF (http://localhost:3002/_next/static/chunks/packages_viewer_dist_0p7g7kr._.js:2419:40)
    at http://localhost:3002/_next/static/chunks/node_modules__bun_0veowj6._.js:532:13
    at http://localhost:3002/_next/static/chunks/0w35_%40react-three_fiber_dist_0ct~yi3._.js:1228:25
    at query (http://localhost:3002/_next/static/chunks/node_modules__bun_12vaf3i._.js:2105:40)
    at suspend (http://localhost:3002/_next/static/chunks/node_modules__bun_12vaf3i._.js:2118:37)
    at useLoader (http://localhost:3002/_next/static/chunks/0w35_%40react-three_fiber_dist_0ct~yi3._.js:1246:257)
    at useGLTF (http://localhost:3002/_next/static/chunks/node_modules__bun_0veowj6._.js:546:379)
    at useGLTFKTX2 (http://localhost:3002/_next/static/chunks/packages_viewer_dist_0p7g7kr._.js:2414:272)
    at ScanModel (http://localhost:3002/_next/static/chunks/packages_viewer_dist_0p7g7kr._.js:2533:195)
    at Object.react_stack_bottom_frame (http://localhost:3002/_next/static/chunks/0w35_%40react-three_fiber_dist_0ct~yi3._.js:13199:32)
    at It (http://localhost:3002/_next/static/chunks/0w35_%40react-three_fiber_dist_0ct~yi3._.js:9068:25)
    at ks (http://localhost:3002/_next/static/chunks/0w35_%40react-three_fiber_dist_0ct~yi3._.js:10188:374)
    at ve (http://localhost:3002/_next/static/chunks/0w35_%40react-three_fiber_dist_0ct~yi3._.js:10087:24)
    at mf (http://localhost:3002/_next/static/chunks/0w35_%40react-three_fiber_dist_0ct~yi3._.js:10073:160)
    at tt (http://localhost:3002/_next/static/chunks/0w35_%40react-three_fiber_dist_0ct~yi3._.js:10577:32)
    at B (http://localhost:3002/_next/static/chunks/0w35_%40react-three_fiber_dist_0ct~yi3._.js:7885:70)
    at Ph (http://localhost:3002/_next/static/chunks/0w35_%40react-three_fiber_dist_0ct~yi3._.js:12411:50)
    at wh (http://localhost:3002/_next/static/chunks/0w35_%40react-three_fiber_dist_0ct~yi3._.js:12328:36)
    at Ff (http://localhost:3002/_next/static/chunks/0w35_%40react-three_fiber_dist_0ct~yi3._.js:12319:21)
    at Lf (http://localhost:3002/_next/static/chunks/0w35_%40react-three_fiber_dist_0ct~yi3._.js:12071:104)
    at Tu (http://localhost:3002/_next/static/chunks/0w35_%40react-three_fiber_dist_0ct~yi3._.js:8282:129)
    at MessagePort.performWorkUntilDeadline (http://localhost:3002/_next/static/chunks/node_modules__bun_12vaf3i._.js:2167:64) @ http://localhost:3002/_next/static/chunks/0nan_next_dist_0re-alt._.js:2431
[   81402ms] [ERROR] Failed to load resource: the server responded with a status of 404 (Not Found) @ http://localhost:3010/projects/building/assets/1779616295563-4bda6117.glb:0
[   81402ms] [ERROR] Failed to load resource: the server responded with a status of 404 (Not Found) @ http://localhost:3010/projects/building/assets/1779616305118-b0fa5c40.glb:0
[   82766ms] Error: Could not load http://localhost:3010/projects/building/assets/1779616295563-4bda6117.glb: fetch for "http://localhost:3010/projects/building/assets/1779616295563-4bda6117.glb" responded with 404: Not Found
    at http://localhost:3002/_next/static/chunks/0w35_%40react-three_fiber_dist_0ct~yi3._.js:1233:48
    at Object._onError [as onError] (http://localhost:3002/_next/static/chunks/0zlr_three-stdlib_0btc.-o._.js:907:17)
    at http://localhost:3002/_next/static/chunks/07nq_three_build_three_core_0bu59hz.js:31775:48
[   82839ms] [ERROR] %o

%s Error: Could not load http://localhost:3010/projects/building/assets/1779616295563-4bda6117.glb: fetch for "http://localhost:3010/projects/building/assets/1779616295563-4bda6117.glb" responded with 404: Not Found
    at http://localhost:3002/_next/static/chunks/0w35_%40react-three_fiber_dist_0ct~yi3._.js:1233:48
    at Object._onError [as onError] (http://localhost:3002/_next/static/chunks/0zlr_three-stdlib_0btc.-o._.js:907:17)
    at http://localhost:3002/_next/static/chunks/07nq_three_build_three_core_0bu59hz.js:31775:48 The above error occurred in the <CanvasImpl> component. It was handled by the <ErrorBoundary> error boundary. @ http://localhost:3002/_next/static/chunks/0nan_next_dist_client_0e.jdgy._.js:1998
[   82840ms] [ERROR] Uncaught error: Error: Could not load http://localhost:3010/projects/building/assets/1779616295563-4bda6117.glb: fetch for "http://localhost:3010/projects/building/assets/1779616295563-4bda6117.glb" responded with 404: Not Found
    at http://localhost:3002/_next/static/chunks/0w35_%40react-three_fiber_dist_0ct~yi3._.js:1233:48
    at Object._onError [as onError] (http://localhost:3002/_next/static/chunks/0zlr_three-stdlib_0btc.-o._.js:907:17)
    at http://localhost:3002/_next/static/chunks/07nq_three_build_three_core_0bu59hz.js:31775:48 {componentStack: 
    at CanvasImpl (http://localhost:3002/_next/st…unks/0nan_next_dist_client_0e.jdgy._.js:15069:17)} @ http://localhost:3002/_next/static/chunks/0nan_next_dist_0re-alt._.js:3272
[  105513ms] [LOG] [Fast Refresh] rebuilding @ http://localhost:3002/_next/static/chunks/0nan_next_dist_0re-alt._.js:2431
[  106092ms] [LOG] [Fast Refresh] done in 580ms @ http://localhost:3002/_next/static/chunks/0nan_next_dist_0re-alt._.js:2431
[  116695ms] [INFO] %cDownload the React DevTools for a better development experience: https://react.dev/link/react-devtools font-weight:bold @ http://localhost:3002/_next/static/chunks/0nan_next_dist_0re-alt._.js:2431
[  116752ms] [LOG] [HMR] connected @ http://localhost:3002/_next/static/chunks/0nan_next_dist_0re-alt._.js:2431
[  119547ms] [ERROR] Failed to load resource: the server responded with a status of 404 (Not Found) @ http://localhost:3010/projects/building/assets/1779616295563-4bda6117.glb:0
[  119547ms] [ERROR] Failed to load resource: the server responded with a status of 404 (Not Found) @ http://localhost:3010/projects/building/assets/1779616305118-b0fa5c40.glb:0
[  119586ms] [WARNING] THREE.THREE.Clock: This module has been deprecated. Please use THREE.Timer instead. @ http://localhost:3002/_next/static/chunks/0nan_next_dist_0re-alt._.js:2431
[  120492ms] [WARNING] The powerPreference option is currently ignored when calling requestAdapter() on Windows. See https://crbug.com/369219127 @ http://localhost:3002/_next/static/chunks/07nq_three_build_three_webgpu_0~8eknf.js:54770
[  120550ms] [WARNING] [viewer] Skipping KTX2 support detection for now. Error: Renderer: .hasFeature() called before the backend is initialized. Use "await renderer.init();" before before using this method.
    at WebGPURenderer.hasFeature (http://localhost:3002/_next/static/chunks/07nq_three_build_three_webgpu_0~8eknf.js:42217:19)
    at KTX2Loader.detectSupport (http://localhost:3002/_next/static/chunks/07nq_three_examples_jsm_06w-~s6._.js:2139:41)
    at useGLTFKTX2.useGLTF (http://localhost:3002/_next/static/chunks/packages_viewer_dist_0p7g7kr._.js:2419:40)
    at http://localhost:3002/_next/static/chunks/node_modules__bun_0veowj6._.js:532:13
    at http://localhost:3002/_next/static/chunks/0w35_%40react-three_fiber_dist_0ct~yi3._.js:1228:25
    at query (http://localhost:3002/_next/static/chunks/node_modules__bun_12vaf3i._.js:2105:40)
    at suspend (http://localhost:3002/_next/static/chunks/node_modules__bun_12vaf3i._.js:2118:37)
    at useLoader (http://localhost:3002/_next/static/chunks/0w35_%40react-three_fiber_dist_0ct~yi3._.js:1246:257)
    at useGLTF (http://localhost:3002/_next/static/chunks/node_modules__bun_0veowj6._.js:546:379)
    at useGLTFKTX2 (http://localhost:3002/_next/static/chunks/packages_viewer_dist_0p7g7kr._.js:2414:272)
    at ScanModel (http://localhost:3002/_next/static/chunks/packages_viewer_dist_0p7g7kr._.js:2533:195)
    at Object.react_stack_bottom_frame (http://localhost:3002/_next/static/chunks/0w35_%40react-three_fiber_dist_0ct~yi3._.js:13199:32)
    at It (http://localhost:3002/_next/static/chunks/0w35_%40react-three_fiber_dist_0ct~yi3._.js:9068:25)
    at ks (http://localhost:3002/_next/static/chunks/0w35_%40react-three_fiber_dist_0ct~yi3._.js:10188:374)
    at ve (http://localhost:3002/_next/static/chunks/0w35_%40react-three_fiber_dist_0ct~yi3._.js:10087:24)
    at mf (http://localhost:3002/_next/static/chunks/0w35_%40react-three_fiber_dist_0ct~yi3._.js:10073:160)
    at tt (http://localhost:3002/_next/static/chunks/0w35_%40react-three_fiber_dist_0ct~yi3._.js:10577:32)
    at B (http://localhost:3002/_next/static/chunks/0w35_%40react-three_fiber_dist_0ct~yi3._.js:7885:70)
    at Ph (http://localhost:3002/_next/static/chunks/0w35_%40react-three_fiber_dist_0ct~yi3._.js:12411:50)
    at wh (http://localhost:3002/_next/static/chunks/0w35_%40react-three_fiber_dist_0ct~yi3._.js:12328:36)
    at Ff (http://localhost:3002/_next/static/chunks/0w35_%40react-three_fiber_dist_0ct~yi3._.js:12319:21)
    at Lf (http://localhost:3002/_next/static/chunks/0w35_%40react-three_fiber_dist_0ct~yi3._.js:12071:104)
    at Tu (http://localhost:3002/_next/static/chunks/0w35_%40react-three_fiber_dist_0ct~yi3._.js:8282:129)
    at MessagePort.performWorkUntilDeadline (http://localhost:3002/_next/static/chunks/node_modules__bun_12vaf3i._.js:2167:64) @ http://localhost:3002/_next/static/chunks/0nan_next_dist_0re-alt._.js:2431
[  120581ms] [ERROR] Failed to load resource: the server responded with a status of 404 (Not Found) @ http://localhost:3010/projects/building/assets/1779616295563-4bda6117.glb:0
[  120581ms] [ERROR] Failed to load resource: the server responded with a status of 404 (Not Found) @ http://localhost:3010/projects/building/assets/1779616305118-b0fa5c40.glb:0
[  121998ms] Error: Could not load http://localhost:3010/projects/building/assets/1779616295563-4bda6117.glb: fetch for "http://localhost:3010/projects/building/assets/1779616295563-4bda6117.glb" responded with 404: Not Found
    at http://localhost:3002/_next/static/chunks/0w35_%40react-three_fiber_dist_0ct~yi3._.js:1233:48
    at Object._onError [as onError] (http://localhost:3002/_next/static/chunks/0zlr_three-stdlib_0btc.-o._.js:907:17)
    at http://localhost:3002/_next/static/chunks/07nq_three_build_three_core_0bu59hz.js:31775:48
[  122093ms] [ERROR] %o

%s Error: Could not load http://localhost:3010/projects/building/assets/1779616295563-4bda6117.glb: fetch for "http://localhost:3010/projects/building/assets/1779616295563-4bda6117.glb" responded with 404: Not Found
    at http://localhost:3002/_next/static/chunks/0w35_%40react-three_fiber_dist_0ct~yi3._.js:1233:48
    at Object._onError [as onError] (http://localhost:3002/_next/static/chunks/0zlr_three-stdlib_0btc.-o._.js:907:17)
    at http://localhost:3002/_next/static/chunks/07nq_three_build_three_core_0bu59hz.js:31775:48 The above error occurred in the <CanvasImpl> component. It was handled by the <ErrorBoundary> error boundary. @ http://localhost:3002/_next/static/chunks/0nan_next_dist_client_0e.jdgy._.js:1998
[  122094ms] [ERROR] Uncaught error: Error: Could not load http://localhost:3010/projects/building/assets/1779616295563-4bda6117.glb: fetch for "http://localhost:3010/projects/building/assets/1779616295563-4bda6117.glb" responded with 404: Not Found
    at http://localhost:3002/_next/static/chunks/0w35_%40react-three_fiber_dist_0ct~yi3._.js:1233:48
    at Object._onError [as onError] (http://localhost:3002/_next/static/chunks/0zlr_three-stdlib_0btc.-o._.js:907:17)
    at http://localhost:3002/_next/static/chunks/07nq_three_build_three_core_0bu59hz.js:31775:48 {componentStack: 
    at CanvasImpl (http://localhost:3002/_next/st…unks/0nan_next_dist_client_0e.jdgy._.js:15069:17)} @ http://localhost:3002/_next/static/chunks/0nan_next_dist_0re-alt._.js:3272
