[     650ms] [INFO] %cDownload the React DevTools for a better development experience: https://react.dev/link/react-devtools font-weight:bold @ http://localhost:3002/_next/static/chunks/0nan_next_dist_0re-alt._.js:2431
[     779ms] [LOG] [HMR] connected @ http://localhost:3002/_next/static/chunks/0nan_next_dist_0re-alt._.js:2431
[    3461ms] [ERROR] Failed to load resource: the server responded with a status of 404 (Not Found) @ http://localhost:3010/projects/building/assets/1779616295563-4bda6117.glb:0
[    3461ms] [ERROR] Failed to load resource: the server responded with a status of 404 (Not Found) @ http://localhost:3010/projects/building/assets/1779616305118-b0fa5c40.glb:0
[    3503ms] [WARNING] THREE.THREE.Clock: This module has been deprecated. Please use THREE.Timer instead. @ http://localhost:3002/_next/static/chunks/0nan_next_dist_0re-alt._.js:2431
[    4853ms] [WARNING] The powerPreference option is currently ignored when calling requestAdapter() on Windows. See https://crbug.com/369219127 @ http://localhost:3002/_next/static/chunks/07nq_three_build_three_webgpu_0~8eknf.js:54770
[    5094ms] [WARNING] [viewer] Skipping KTX2 support detection for now. Error: Renderer: .hasFeature() called before the backend is initialized. Use "await renderer.init();" before before using this method.
    at WebGPURenderer.hasFeature (http://localhost:3002/_next/static/chunks/07nq_three_build_three_webgpu_0~8eknf.js:42217:19)
    at KTX2Loader.detectSupport (http://localhost:3002/_next/static/chunks/07nq_three_examples_jsm_06w-~s6._.js:2139:41)
    at useGLTFKTX2.useGLTF (http://localhost:3002/_next/static/chunks/packages_viewer_dist_0p7g7kr._.js:2419:40)
    at http://localhost:3002/_next/static/chunks/node_modules__bun_0veowj6._.js:532:13
    at http://localhost:3002/_next/static/chunks/0w35_%40react-three_fiber_dist_0ct~yi3._.js:1228:25
    at query (http://localhost:3002/_next/static/chunks/node_modules__bun_12vaf3i._.js:2105:40)
    at suspend (http://localhost:3002/_next/static/chunks/node_modules__bun_12vaf3i._.js:2118:37)
    at useLoader (http://localhost:3002/_next/static/chunks/0w35_%40react-three_fiber_dist_0ct~yi3._.js:1246:257)
    at useGLTF (http://localhost:3002/_next/static/chunks/node_modules__bun_0veowj6._.js:546:379)
    at useGLTFKTX2 (http://localhost:3002/_next/static/chunks/packages_viewer_dist_0p7g7kr._.js:2414:272)
    at ScanModel (http://localhost:3002/_next/static/chunks/packages_viewer_dist_0p7g7kr._.js:2533:195)
    at Object.react_stack_bottom_frame (http://localhost:3002/_next/static/chunks/0w35_%40react-three_fiber_dist_0ct~yi3._.js:13199:32)
    at It (http://localhost:3002/_next/static/chunks/0w35_%40react-three_fiber_dist_0ct~yi3._.js:9068:25)
    at ks (http://localhost:3002/_next/static/chunks/0w35_%40react-three_fiber_dist_0ct~yi3._.js:10188:374)
    at ve (http://localhost:3002/_next/static/chunks/0w35_%40react-three_fiber_dist_0ct~yi3._.js:10087:24)
    at mf (http://localhost:3002/_next/static/chunks/0w35_%40react-three_fiber_dist_0ct~yi3._.js:10073:160)
    at tt (http://localhost:3002/_next/static/chunks/0w35_%40react-three_fiber_dist_0ct~yi3._.js:10577:32)
    at B (http://localhost:3002/_next/static/chunks/0w35_%40react-three_fiber_dist_0ct~yi3._.js:7885:70)
    at Ph (http://localhost:3002/_next/static/chunks/0w35_%40react-three_fiber_dist_0ct~yi3._.js:12411:50)
    at wh (http://localhost:3002/_next/static/chunks/0w35_%40react-three_fiber_dist_0ct~yi3._.js:12328:36)
    at Ff (http://localhost:3002/_next/static/chunks/0w35_%40react-three_fiber_dist_0ct~yi3._.js:12319:21)
    at Lf (http://localhost:3002/_next/static/chunks/0w35_%40react-three_fiber_dist_0ct~yi3._.js:12071:104)
    at Tu (http://localhost:3002/_next/static/chunks/0w35_%40react-three_fiber_dist_0ct~yi3._.js:8282:129)
    at MessagePort.performWorkUntilDeadline (http://localhost:3002/_next/static/chunks/node_modules__bun_12vaf3i._.js:2167:64) @ http://localhost:3002/_next/static/chunks/0nan_next_dist_0re-alt._.js:2431
[    5142ms] [ERROR] Failed to load resource: the server responded with a status of 404 (Not Found) @ http://localhost:3010/projects/building/assets/1779616295563-4bda6117.glb:0
[    5142ms] [ERROR] Failed to load resource: the server responded with a status of 404 (Not Found) @ http://localhost:3010/projects/building/assets/1779616305118-b0fa5c40.glb:0
[    6810ms] Error: Could not load http://localhost:3010/projects/building/assets/1779616295563-4bda6117.glb: fetch for "http://localhost:3010/projects/building/assets/1779616295563-4bda6117.glb" responded with 404: Not Found
    at http://localhost:3002/_next/static/chunks/0w35_%40react-three_fiber_dist_0ct~yi3._.js:1233:48
    at Object._onError [as onError] (http://localhost:3002/_next/static/chunks/0zlr_three-stdlib_0btc.-o._.js:907:17)
    at http://localhost:3002/_next/static/chunks/07nq_three_build_three_core_0bu59hz.js:31775:48
[    6928ms] [ERROR] %o

%s Error: Could not load http://localhost:3010/projects/building/assets/1779616295563-4bda6117.glb: fetch for "http://localhost:3010/projects/building/assets/1779616295563-4bda6117.glb" responded with 404: Not Found
    at http://localhost:3002/_next/static/chunks/0w35_%40react-three_fiber_dist_0ct~yi3._.js:1233:48
    at Object._onError [as onError] (http://localhost:3002/_next/static/chunks/0zlr_three-stdlib_0btc.-o._.js:907:17)
    at http://localhost:3002/_next/static/chunks/07nq_three_build_three_core_0bu59hz.js:31775:48 The above error occurred in the <CanvasImpl> component. It was handled by the <ErrorBoundary> error boundary. @ http://localhost:3002/_next/static/chunks/0nan_next_dist_client_0e.jdgy._.js:1998
[    6929ms] [ERROR] Uncaught error: Error: Could not load http://localhost:3010/projects/building/assets/1779616295563-4bda6117.glb: fetch for "http://localhost:3010/projects/building/assets/1779616295563-4bda6117.glb" responded with 404: Not Found
    at http://localhost:3002/_next/static/chunks/0w35_%40react-three_fiber_dist_0ct~yi3._.js:1233:48
    at Object._onError [as onError] (http://localhost:3002/_next/static/chunks/0zlr_three-stdlib_0btc.-o._.js:907:17)
    at http://localhost:3002/_next/static/chunks/07nq_three_build_three_core_0bu59hz.js:31775:48 {componentStack: 
    at CanvasImpl (http://localhost:3002/_next/st…unks/0nan_next_dist_client_0e.jdgy._.js:15069:17)} @ http://localhost:3002/_next/static/chunks/0nan_next_dist_0re-alt._.js:3272
[  138345ms] [LOG] [Fast Refresh] rebuilding @ http://localhost:3002/_next/static/chunks/0nan_next_dist_0re-alt._.js:2431
[  138610ms] [LOG] [Fast Refresh] done in 333ms @ http://localhost:3002/_next/static/chunks/0nan_next_dist_0re-alt._.js:2431
[  188104ms] [LOG] [Fast Refresh] rebuilding @ http://localhost:3002/_next/static/chunks/0nan_next_dist_0re-alt._.js:2431
[  188105ms] [LOG] [Fast Refresh] done in 151ms @ http://localhost:3002/_next/static/chunks/0nan_next_dist_0re-alt._.js:2431
[  189365ms] [INFO] %cDownload the React DevTools for a better development experience: https://react.dev/link/react-devtools font-weight:bold @ http://localhost:3002/_next/static/chunks/0nan_next_dist_0re-alt._.js:2431
[  189430ms] [LOG] [HMR] connected @ http://localhost:3002/_next/static/chunks/0nan_next_dist_0re-alt._.js:2431
[  193126ms] [ERROR] Failed to load resource: the server responded with a status of 404 (Not Found) @ http://localhost:3010/projects/building/assets/1779616295563-4bda6117.glb:0
[  193126ms] [ERROR] Failed to load resource: the server responded with a status of 404 (Not Found) @ http://localhost:3010/projects/building/assets/1779616305118-b0fa5c40.glb:0
[  193245ms] [WARNING] THREE.THREE.Clock: This module has been deprecated. Please use THREE.Timer instead. @ http://localhost:3002/_next/static/chunks/0nan_next_dist_0re-alt._.js:2431
[  194677ms] [WARNING] The powerPreference option is currently ignored when calling requestAdapter() on Windows. See https://crbug.com/369219127 @ http://localhost:3002/_next/static/chunks/07nq_three_build_three_webgpu_0~8eknf.js:54770
[  194867ms] [WARNING] [viewer] Skipping KTX2 support detection for now. Error: Renderer: .hasFeature() called before the backend is initialized. Use "await renderer.init();" before before using this method.
    at WebGPURenderer.hasFeature (http://localhost:3002/_next/static/chunks/07nq_three_build_three_webgpu_0~8eknf.js:42217:19)
    at KTX2Loader.detectSupport (http://localhost:3002/_next/static/chunks/07nq_three_examples_jsm_06w-~s6._.js:2139:41)
    at useGLTFKTX2.useGLTF (http://localhost:3002/_next/static/chunks/packages_viewer_dist_0p7g7kr._.js:2419:40)
    at http://localhost:3002/_next/static/chunks/node_modules__bun_0veowj6._.js:532:13
    at http://localhost:3002/_next/static/chunks/0w35_%40react-three_fiber_dist_0ct~yi3._.js:1228:25
    at query (http://localhost:3002/_next/static/chunks/node_modules__bun_12vaf3i._.js:2105:40)
    at suspend (http://localhost:3002/_next/static/chunks/node_modules__bun_12vaf3i._.js:2118:37)
    at useLoader (http://localhost:3002/_next/static/chunks/0w35_%40react-three_fiber_dist_0ct~yi3._.js:1246:257)
    at useGLTF (http://localhost:3002/_next/static/chunks/node_modules__bun_0veowj6._.js:546:379)
    at useGLTFKTX2 (http://localhost:3002/_next/static/chunks/packages_viewer_dist_0p7g7kr._.js:2414:272)
    at ScanModel (http://localhost:3002/_next/static/chunks/packages_viewer_dist_0p7g7kr._.js:2533:195)
    at Object.react_stack_bottom_frame (http://localhost:3002/_next/static/chunks/0w35_%40react-three_fiber_dist_0ct~yi3._.js:13199:32)
    at It (http://localhost:3002/_next/static/chunks/0w35_%40react-three_fiber_dist_0ct~yi3._.js:9068:25)
    at ks (http://localhost:3002/_next/static/chunks/0w35_%40react-three_fiber_dist_0ct~yi3._.js:10188:374)
    at ve (http://localhost:3002/_next/static/chunks/0w35_%40react-three_fiber_dist_0ct~yi3._.js:10087:24)
    at mf (http://localhost:3002/_next/static/chunks/0w35_%40react-three_fiber_dist_0ct~yi3._.js:10073:160)
    at tt (http://localhost:3002/_next/static/chunks/0w35_%40react-three_fiber_dist_0ct~yi3._.js:10577:32)
    at B (http://localhost:3002/_next/static/chunks/0w35_%40react-three_fiber_dist_0ct~yi3._.js:7885:70)
    at Ph (http://localhost:3002/_next/static/chunks/0w35_%40react-three_fiber_dist_0ct~yi3._.js:12411:50)
    at wh (http://localhost:3002/_next/static/chunks/0w35_%40react-three_fiber_dist_0ct~yi3._.js:12328:36)
    at Ff (http://localhost:3002/_next/static/chunks/0w35_%40react-three_fiber_dist_0ct~yi3._.js:12319:21)
    at Lf (http://localhost:3002/_next/static/chunks/0w35_%40react-three_fiber_dist_0ct~yi3._.js:12071:104)
    at Tu (http://localhost:3002/_next/static/chunks/0w35_%40react-three_fiber_dist_0ct~yi3._.js:8282:129)
    at MessagePort.performWorkUntilDeadline (http://localhost:3002/_next/static/chunks/node_modules__bun_12vaf3i._.js:2167:64) @ http://localhost:3002/_next/static/chunks/0nan_next_dist_0re-alt._.js:2431
[  194997ms] [ERROR] Failed to load resource: the server responded with a status of 404 (Not Found) @ http://localhost:3010/projects/building/assets/1779616295563-4bda6117.glb:0
[  194997ms] [ERROR] Failed to load resource: the server responded with a status of 404 (Not Found) @ http://localhost:3010/projects/building/assets/1779616305118-b0fa5c40.glb:0
[  196569ms] Error: Could not load http://localhost:3010/projects/building/assets/1779616295563-4bda6117.glb: fetch for "http://localhost:3010/projects/building/assets/1779616295563-4bda6117.glb" responded with 404: Not Found
    at http://localhost:3002/_next/static/chunks/0w35_%40react-three_fiber_dist_0ct~yi3._.js:1233:48
    at Object._onError [as onError] (http://localhost:3002/_next/static/chunks/0zlr_three-stdlib_0btc.-o._.js:907:17)
    at http://localhost:3002/_next/static/chunks/07nq_three_build_three_core_0bu59hz.js:31775:48
[  196666ms] [ERROR] %o

%s Error: Could not load http://localhost:3010/projects/building/assets/1779616295563-4bda6117.glb: fetch for "http://localhost:3010/projects/building/assets/1779616295563-4bda6117.glb" responded with 404: Not Found
    at http://localhost:3002/_next/static/chunks/0w35_%40react-three_fiber_dist_0ct~yi3._.js:1233:48
    at Object._onError [as onError] (http://localhost:3002/_next/static/chunks/0zlr_three-stdlib_0btc.-o._.js:907:17)
    at http://localhost:3002/_next/static/chunks/07nq_three_build_three_core_0bu59hz.js:31775:48 The above error occurred in the <CanvasImpl> component. It was handled by the <ErrorBoundary> error boundary. @ http://localhost:3002/_next/static/chunks/0nan_next_dist_client_0e.jdgy._.js:1998
[  196667ms] [ERROR] Uncaught error: Error: Could not load http://localhost:3010/projects/building/assets/1779616295563-4bda6117.glb: fetch for "http://localhost:3010/projects/building/assets/1779616295563-4bda6117.glb" responded with 404: Not Found
    at http://localhost:3002/_next/static/chunks/0w35_%40react-three_fiber_dist_0ct~yi3._.js:1233:48
    at Object._onError [as onError] (http://localhost:3002/_next/static/chunks/0zlr_three-stdlib_0btc.-o._.js:907:17)
    at http://localhost:3002/_next/static/chunks/07nq_three_build_three_core_0bu59hz.js:31775:48 {componentStack: 
    at CanvasImpl (http://localhost:3002/_next/st…unks/0nan_next_dist_client_0e.jdgy._.js:15069:17)} @ http://localhost:3002/_next/static/chunks/0nan_next_dist_0re-alt._.js:3272
[  315140ms] [LOG] [Fast Refresh] rebuilding @ http://localhost:3002/_next/static/chunks/0nan_next_dist_0re-alt._.js:2431
[  315377ms] [LOG] [Fast Refresh] done in 344ms @ http://localhost:3002/_next/static/chunks/0nan_next_dist_0re-alt._.js:2431
[  322957ms] [LOG] [Fast Refresh] rebuilding @ http://localhost:3002/_next/static/chunks/0nan_next_dist_0re-alt._.js:2431
[  323017ms] [LOG] [Fast Refresh] done in 178ms @ http://localhost:3002/_next/static/chunks/0nan_next_dist_0re-alt._.js:2431
[  324392ms] [INFO] %cDownload the React DevTools for a better development experience: https://react.dev/link/react-devtools font-weight:bold @ http://localhost:3002/_next/static/chunks/0nan_next_dist_0re-alt._.js:2431
[  324490ms] [LOG] [HMR] connected @ http://localhost:3002/_next/static/chunks/0nan_next_dist_0re-alt._.js:2431
[  327851ms] [ERROR] Failed to load resource: the server responded with a status of 404 (Not Found) @ http://localhost:3010/projects/building/assets/1779616295563-4bda6117.glb:0
[  327852ms] [ERROR] Failed to load resource: the server responded with a status of 404 (Not Found) @ http://localhost:3010/projects/building/assets/1779616305118-b0fa5c40.glb:0
[  328226ms] [WARNING] THREE.THREE.Clock: This module has been deprecated. Please use THREE.Timer instead. @ http://localhost:3002/_next/static/chunks/0nan_next_dist_0re-alt._.js:2431
[  329540ms] [WARNING] The powerPreference option is currently ignored when calling requestAdapter() on Windows. See https://crbug.com/369219127 @ http://localhost:3002/_next/static/chunks/07nq_three_build_three_webgpu_0~8eknf.js:54770
[  329730ms] [WARNING] [viewer] Skipping KTX2 support detection for now. Error: Renderer: .hasFeature() called before the backend is initialized. Use "await renderer.init();" before before using this method.
    at WebGPURenderer.hasFeature (http://localhost:3002/_next/static/chunks/07nq_three_build_three_webgpu_0~8eknf.js:42217:19)
    at KTX2Loader.detectSupport (http://localhost:3002/_next/static/chunks/07nq_three_examples_jsm_06w-~s6._.js:2139:41)
    at useGLTFKTX2.useGLTF (http://localhost:3002/_next/static/chunks/packages_viewer_dist_0p7g7kr._.js:2419:40)
    at http://localhost:3002/_next/static/chunks/node_modules__bun_0veowj6._.js:532:13
    at http://localhost:3002/_next/static/chunks/0w35_%40react-three_fiber_dist_0ct~yi3._.js:1228:25
    at query (http://localhost:3002/_next/static/chunks/node_modules__bun_12vaf3i._.js:2105:40)
    at suspend (http://localhost:3002/_next/static/chunks/node_modules__bun_12vaf3i._.js:2118:37)
    at useLoader (http://localhost:3002/_next/static/chunks/0w35_%40react-three_fiber_dist_0ct~yi3._.js:1246:257)
    at useGLTF (http://localhost:3002/_next/static/chunks/node_modules__bun_0veowj6._.js:546:379)
    at useGLTFKTX2 (http://localhost:3002/_next/static/chunks/packages_viewer_dist_0p7g7kr._.js:2414:272)
    at ScanModel (http://localhost:3002/_next/static/chunks/packages_viewer_dist_0p7g7kr._.js:2533:195)
    at Object.react_stack_bottom_frame (http://localhost:3002/_next/static/chunks/0w35_%40react-three_fiber_dist_0ct~yi3._.js:13199:32)
    at It (http://localhost:3002/_next/static/chunks/0w35_%40react-three_fiber_dist_0ct~yi3._.js:9068:25)
    at ks (http://localhost:3002/_next/static/chunks/0w35_%40react-three_fiber_dist_0ct~yi3._.js:10188:374)
    at ve (http://localhost:3002/_next/static/chunks/0w35_%40react-three_fiber_dist_0ct~yi3._.js:10087:24)
    at mf (http://localhost:3002/_next/static/chunks/0w35_%40react-three_fiber_dist_0ct~yi3._.js:10073:160)
    at tt (http://localhost:3002/_next/static/chunks/0w35_%40react-three_fiber_dist_0ct~yi3._.js:10577:32)
    at B (http://localhost:3002/_next/static/chunks/0w35_%40react-three_fiber_dist_0ct~yi3._.js:7885:70)
    at Ph (http://localhost:3002/_next/static/chunks/0w35_%40react-three_fiber_dist_0ct~yi3._.js:12411:50)
    at wh (http://localhost:3002/_next/static/chunks/0w35_%40react-three_fiber_dist_0ct~yi3._.js:12328:36)
    at Ff (http://localhost:3002/_next/static/chunks/0w35_%40react-three_fiber_dist_0ct~yi3._.js:12319:21)
    at Lf (http://localhost:3002/_next/static/chunks/0w35_%40react-three_fiber_dist_0ct~yi3._.js:12071:104)
    at Tu (http://localhost:3002/_next/static/chunks/0w35_%40react-three_fiber_dist_0ct~yi3._.js:8282:129)
    at MessagePort.performWorkUntilDeadline (http://localhost:3002/_next/static/chunks/node_modules__bun_12vaf3i._.js:2167:64) @ http://localhost:3002/_next/static/chunks/0nan_next_dist_0re-alt._.js:2431
[  329885ms] [ERROR] Failed to load resource: the server responded with a status of 404 (Not Found) @ http://localhost:3010/projects/building/assets/1779616295563-4bda6117.glb:0
[  329885ms] [ERROR] Failed to load resource: the server responded with a status of 404 (Not Found) @ http://localhost:3010/projects/building/assets/1779616305118-b0fa5c40.glb:0
[  331613ms] Error: Could not load http://localhost:3010/projects/building/assets/1779616295563-4bda6117.glb: fetch for "http://localhost:3010/projects/building/assets/1779616295563-4bda6117.glb" responded with 404: Not Found
    at http://localhost:3002/_next/static/chunks/0w35_%40react-three_fiber_dist_0ct~yi3._.js:1233:48
    at Object._onError [as onError] (http://localhost:3002/_next/static/chunks/0zlr_three-stdlib_0btc.-o._.js:907:17)
    at http://localhost:3002/_next/static/chunks/07nq_three_build_three_core_0bu59hz.js:31775:48
[  331718ms] [ERROR] %o

%s Error: Could not load http://localhost:3010/projects/building/assets/1779616295563-4bda6117.glb: fetch for "http://localhost:3010/projects/building/assets/1779616295563-4bda6117.glb" responded with 404: Not Found
    at http://localhost:3002/_next/static/chunks/0w35_%40react-three_fiber_dist_0ct~yi3._.js:1233:48
    at Object._onError [as onError] (http://localhost:3002/_next/static/chunks/0zlr_three-stdlib_0btc.-o._.js:907:17)
    at http://localhost:3002/_next/static/chunks/07nq_three_build_three_core_0bu59hz.js:31775:48 The above error occurred in the <CanvasImpl> component. It was handled by the <ErrorBoundary> error boundary. @ http://localhost:3002/_next/static/chunks/0nan_next_dist_client_0e.jdgy._.js:1998
[  331719ms] [ERROR] Uncaught error: Error: Could not load http://localhost:3010/projects/building/assets/1779616295563-4bda6117.glb: fetch for "http://localhost:3010/projects/building/assets/1779616295563-4bda6117.glb" responded with 404: Not Found
    at http://localhost:3002/_next/static/chunks/0w35_%40react-three_fiber_dist_0ct~yi3._.js:1233:48
    at Object._onError [as onError] (http://localhost:3002/_next/static/chunks/0zlr_three-stdlib_0btc.-o._.js:907:17)
    at http://localhost:3002/_next/static/chunks/07nq_three_build_three_core_0bu59hz.js:31775:48 {componentStack: 
    at CanvasImpl (http://localhost:3002/_next/st…unks/0nan_next_dist_client_0e.jdgy._.js:15069:17)} @ http://localhost:3002/_next/static/chunks/0nan_next_dist_0re-alt._.js:3272
[  468147ms] [LOG] [Fast Refresh] rebuilding @ http://localhost:3002/_next/static/chunks/0nan_next_dist_0re-alt._.js:2431
[  468220ms] [LOG] [Fast Refresh] done in 204ms @ http://localhost:3002/_next/static/chunks/0nan_next_dist_0re-alt._.js:2431
