[    1285ms] [INFO] %cDownload the React DevTools for a better development experience: https://react.dev/link/react-devtools font-weight:bold @ http://localhost:3002/_next/static/chunks/0nan_next_dist_0re-alt._.js:2431
[    1504ms] [LOG] [HMR] connected @ http://localhost:3002/_next/static/chunks/0nan_next_dist_0re-alt._.js:2431
[    2643ms] Error: Hydration failed because the server rendered text didn't match the client. As a result this tree will be regenerated on the client. This can happen if a SSR-ed Client Component used:

- A server/client branch `if (typeof window !== 'undefined')`.
- Variable input such as `Date.now()` or `Math.random()` which changes each time it's called.
- Date formatting in a user's locale which doesn't match the server.
- External changing data without sending a snapshot of it along with the HTML.
- Invalid HTML tag nesting.

It can also happen if the client has a browser extension installed which messes with the HTML before React loaded.

https://react.dev/link/hydration-mismatch

  ...
    <LoadingBoundary name="/" loading={null}>
      <HTTPAccessFallbackBoundary notFound={{...}} forbidden={undefined} unauthorized={undefined}>
        <HTTPAccessFallbackErrorBoundary pathname="/" notFound={{...}} forbidden={undefined} unauthorized={undefined} ...>
          <RedirectBoundary>
            <RedirectErrorBoundary router={{...}}>
              <InnerLayoutRouter url="/?workspac..." tree={[...]} params={{}} cacheNode={{rsc:{...}, ...}} ...>
                <SegmentViewNode type="page" pagePath="page.tsx">
                  <SegmentTrieNode>
                  <Home>
                    <HostWorkbench apiBaseUrl="http://loc..." initialWorkspace="smart-oper...">
                      <main className="flex h-scr...">
                        <header className="relative z...">
                          <div className="relative w...">
                            <WorkspaceNavigation>
                            <div>
                            <DataAnalysisHeaderStatus>
                              <div className="data-heade..." style={{...}}>
                                <div>
                                <span>
                                <div
                                  className="data-status-cell text-right"
                                  data-tooltip-actions={undefined}
                                  data-tooltip-body={undefined}
+                                 data-tooltip-rows={"[{\"label\":\"服务器时间\",\"value\":\"15:05:11\"},{\"label\":\"时区\"..."}
-                                 data-tooltip-rows={"[{\"label\":\"服务器时间\",\"value\":\"15:02:59\"},{\"label\":\"时区\"..."}
                                  data-tooltip-title="时间同步状态"
                                >
                                  <div>
                                    <div>
                                    <div
                                      className="mt-1 text-[20px] font-bold leading-none text-[#7AF7FF]"
                                      style={{fontFamily:"var(--font..."}}
                                    >
+                                     15:05:11
-                                     15:02:59
                                ...
                        ...
                ...
              ...

    at throwOnHydrationMismatch (http://localhost:3002/_next/static/chunks/0nan_next_dist_compiled_react-dom_0-5eaha._.js:3318:56)
    at prepareToHydrateHostInstance (http://localhost:3002/_next/static/chunks/0nan_next_dist_compiled_react-dom_0-5eaha._.js:3372:23)
    at completeWork (http://localhost:3002/_next/static/chunks/0nan_next_dist_compiled_react-dom_0-5eaha._.js:6922:60)
    at runWithFiberInDEV (http://localhost:3002/_next/static/chunks/0nan_next_dist_compiled_react-dom_0-5eaha._.js:965:74)
    at completeUnitOfWork (http://localhost:3002/_next/static/chunks/0nan_next_dist_compiled_react-dom_0-5eaha._.js:9622:23)
    at performUnitOfWork (http://localhost:3002/_next/static/chunks/0nan_next_dist_compiled_react-dom_0-5eaha._.js:9557:28)
    at workLoopConcurrentByScheduler (http://localhost:3002/_next/static/chunks/0nan_next_dist_compiled_react-dom_0-5eaha._.js:9551:58)
    at renderRootConcurrent (http://localhost:3002/_next/static/chunks/0nan_next_dist_compiled_react-dom_0-5eaha._.js:9534:71)
    at performWorkOnRoot (http://localhost:3002/_next/static/chunks/0nan_next_dist_compiled_react-dom_0-5eaha._.js:9061:150)
    at performWorkOnRootViaSchedulerTask (http://localhost:3002/_next/static/chunks/0nan_next_dist_compiled_react-dom_0-5eaha._.js:10255:9)
    at MessagePort.performWorkUntilDeadline (http://localhost:3002/_next/static/chunks/0nan_next_dist_compiled_020_qqi._.js:2647:64)
[    3846ms] [WARNING] THREE.THREE.Clock: This module has been deprecated. Please use THREE.Timer instead. @ http://localhost:3002/_next/static/chunks/0nan_next_dist_0re-alt._.js:2431
[    4043ms] [WARNING] The powerPreference option is currently ignored when calling requestAdapter() on Windows. See https://crbug.com/369219127 @ http://localhost:3002/_next/static/chunks/07nq_three_build_three_webgpu_0~8eknf.js:54770
[    5103ms] [ERROR] Failed to load resource: net::ERR_CONNECTION_REFUSED @ http://localhost:3010/projects/building/scene:0
[    5213ms] [ERROR] Failed to load resource: net::ERR_CONNECTION_REFUSED @ http://localhost:3010/projects:0
[    5312ms] [ERROR] Failed to load resource: net::ERR_CONNECTION_REFUSED @ http://localhost:3010/projects/building/scene:0
[    5713ms] [ERROR] Failed to load resource: net::ERR_CONNECTION_REFUSED @ http://localhost:3010/projects:0
