[    2015ms] [INFO] %cDownload the React DevTools for a better development experience: https://react.dev/link/react-devtools font-weight:bold @ http://localhost:3002/_next/static/chunks/0nan_next_dist_0re-alt._.js:2431
[    2136ms] [LOG] [HMR] connected @ http://localhost:3002/_next/static/chunks/0nan_next_dist_0re-alt._.js:2431
[    2622ms] [ERROR] A tree hydrated but some attributes of the server rendered HTML didn't match the client properties. This won't be patched up. This can happen if a SSR-ed Client Component used:

- A server/client branch `if (typeof window !== 'undefined')`.
- Variable input such as `Date.now()` or `Math.random()` which changes each time it's called.
- Date formatting in a user's locale which doesn't match the server.
- External changing data without sending a snapshot of it along with the HTML.
- Invalid HTML tag nesting.

It can also happen if the client has a browser extension installed which messes with the HTML before React loaded.

%s%s https://react.dev/link/hydration-mismatch 

  ...
    <div className="absolute i...">
      <DataAnalysisWorkspace projectId="building" queryResults={[...]} selectedComponentName="未选中构件">
        <div className="relative h...">
          <VideoBackground>
          <div>
          <DashboardTooltipLayer>
          <div className="relative z...">
            <div>
            <div className="data-analy...">
              <div>
              <div className="data-analy...">
                <DailyLoadPanel>
                <HeatmapPanel heatmap={[...]}>
                  <HudPanel className="data-analy..." contentClassName={"flex h-f..."} divider={5} icon="heatmap" ...>
                    <BevelCard className="data-analy..." contentClassName={"flex h-f..."} size="medium">
                      <div className="hud-drawn-..." data-corners={undefined} style={undefined}>
                        <div className={"relative..."}>
                          <PanelHeader>
                          <div className="flex min-h...">
                            <div>
                            <div className="tech-chart...">
                              <div className="grid h-ful...">
                                <div>
                                <div>
                                <div>
                                <div className="grid gap-2" style={{...}}>
                                  <div
                                    className="heatmap-cell group relative min-h-[26px] overflow-hidden border bg-[#06..."
                                    data-dimmed={undefined}
                                    data-hovered={undefined}
                                    data-related={undefined}
                                    onPointerEnter={function onPointerEnter}
                                    onPointerLeave={function onPointerLeave}
                                    data-tooltip-actions={undefined}
                                    data-tooltip-body={undefined}
+                                   data-tooltip-rows={"[{\"label\":\"日期时段\",\"value\":\"04-09 00:00\"},{\"label\":\"..."}
-                                   data-tooltip-rows={"[{\"label\":\"日期时段\",\"value\":\"04-09 00:00\"},{\"label\":\"..."}
                                    data-tooltip-title="热力单元详情"
                                  >
                                  <div
                                    className="heatmap-cell group relative min-h-[26px] overflow-hidden border bg-[#06..."
                                    data-dimmed={undefined}
                                    data-hovered={undefined}
                                    data-related={undefined}
                                    onPointerEnter={function onPointerEnter}
                                    onPointerLeave={function onPointerLeave}
                                    data-tooltip-actions={undefined}
                                    data-tooltip-body={undefined}
+                                   data-tooltip-rows={"[{\"label\":\"日期时段\",\"value\":\"04-09 06:00\"},{\"label\":\"..."}
-                                   data-tooltip-rows={"[{\"label\":\"日期时段\",\"value\":\"04-09 06:00\"},{\"label\":\"..."}
                                    data-tooltip-title="热力单元详情"
                                  >
                                  <div
                                    className="heatmap-cell group relative min-h-[26px] overflow-hidden border bg-[#06..."
                                    data-dimmed={undefined}
                                    data-hovered={undefined}
                                    data-related={undefined}
                                    onPointerEnter={function onPointerEnter}
                                    onPointerLeave={function onPointerLeave}
                                    data-tooltip-actions={undefined}
                                    data-tooltip-body={undefined}
+                                   data-tooltip-rows={"[{\"label\":\"日期时段\",\"value\":\"04-09 12:00\"},{\"label\":\"..."}
-                                   data-tooltip-rows={"[{\"label\":\"日期时段\",\"value\":\"04-09 12:00\"},{\"label\":\"..."}
                                    data-tooltip-title="热力单元详情"
                                  >
                                  <div
                                    className="heatmap-cell group relative min-h-[26px] overflow-hidden border bg-[#06..."
                                    data-dimmed={undefined}
                                    data-hovered={undefined}
                                    data-related={undefined}
                                    onPointerEnter={function onPointerEnter}
                                    onPointerLeave={function onPointerLeave}
                                    data-tooltip-actions={undefined}
                                    data-tooltip-body={undefined}
+                                   data-tooltip-rows={"[{\"label\":\"日期时段\",\"value\":\"04-09 18:00\"},{\"label\":\"..."}
-                                   data-tooltip-rows={"[{\"label\":\"日期时段\",\"value\":\"04-09 18:00\"},{\"label\":\"..."}
                                    data-tooltip-title="热力单元详情"
                                  >
                                  <div
                                    className="heatmap-cell group relative min-h-[26px] overflow-hidden border bg-[#06..."
                                    data-dimmed={undefined}
                                    data-hovered={undefined}
                                    data-related={undefined}
                                    onPointerEnter={function onPointerEnter}
                                    onPointerLeave={function onPointerLeave}
                                    data-tooltip-actions={undefined}
                                    data-tooltip-body={undefined}
+                                   data-tooltip-rows={"[{\"label\":\"日期时段\",\"value\":\"04-10 00:00\"},{\"label\":\"..."}
-                                   data-tooltip-rows={"[{\"label\":\"日期时段\",\"value\":\"04-10 00:00\"},{\"label\":\"..."}
                                    data-tooltip-title="热力单元详情"
                                  >
                                  <div
                                    className="heatmap-cell group relative min-h-[26px] overflow-hidden border bg-[#06..."
                                    data-dimmed={undefined}
                                    data-hovered={undefined}
                                    data-related={undefined}
                                    onPointerEnter={function onPointerEnter}
                                    onPointerLeave={function onPointerLeave}
                                    data-tooltip-actions={undefined}
                                    data-tooltip-body={undefined}
+                                   data-tooltip-rows={"[{\"label\":\"日期时段\",\"value\":\"04-10 06:00\"},{\"label\":\"..."}
-                                   data-tooltip-rows={"[{\"label\":\"日期时段\",\"value\":\"04-10 06:00\"},{\"label\":\"..."}
                                    data-tooltip-title="热力单元详情"
                                  >
                                  <div
                                    className="heatmap-cell group relative min-h-[26px] overflow-hidden border bg-[#06..."
                                    data-dimmed={undefined}
                                    data-hovered={undefined}
                                    data-related={undefined}
                                    onPointerEnter={function onPointerEnter}
                                    onPointerLeave={function onPointerLeave}
                                    data-tooltip-actions={undefined}
                                    data-tooltip-body={undefined}
+                                   data-tooltip-rows={"[{\"label\":\"日期时段\",\"value\":\"04-10 12:00\"},{\"label\":\"..."}
-                                   data-tooltip-rows={"[{\"label\":\"日期时段\",\"value\":\"04-10 12:00\"},{\"label\":\"..."}
                                    data-tooltip-title="热力单元详情"
                                  >
                                  <div
                                    className="heatmap-cell group relative min-h-[26px] overflow-hidden border bg-[#06..."
                                    data-dimmed={undefined}
                                    data-hovered={undefined}
                                    data-related={undefined}
                                    onPointerEnter={function onPointerEnter}
                                    onPointerLeave={function onPointerLeave}
                                    data-tooltip-actions={undefined}
                                    data-tooltip-body={undefined}
+                                   data-tooltip-rows={"[{\"label\":\"日期时段\",\"value\":\"04-10 18:00\"},{\"label\":\"..."}
-                                   data-tooltip-rows={"[{\"label\":\"日期时段\",\"value\":\"04-10 18:00\"},{\"label\":\"..."}
                                    data-tooltip-title="热力单元详情"
                                  >
                                  <div
                                    className="heatmap-cell group relative min-h-[26px] overflow-hidden border bg-[#06..."
                                    data-dimmed={undefined}
                                    data-hovered={undefined}
                                    data-related={undefined}
                                    onPointerEnter={function onPointerEnter}
                                    onPointerLeave={function onPointerLeave}
                                    data-tooltip-actions={undefined}
                                    data-tooltip-body={undefined}
+                                   data-tooltip-rows={"[{\"label\":\"日期时段\",\"value\":\"04-11 00:00\"},{\"label\":\"..."}
-                                   data-tooltip-rows={"[{\"label\":\"日期时段\",\"value\":\"04-11 00:00\"},{\"label\":\"..."}
                                    data-tooltip-title="热力单元详情"
                                  >
                                  <div
                                    className="heatmap-cell group relative min-h-[26px] overflow-hidden border bg-[#06..."
                                    data-dimmed={undefined}
                                    data-hovered={undefined}
                                    data-related={undefined}
                                    onPointerEnter={function onPointerEnter}
                                    onPointerLeave={function onPointerLeave}
                                    data-tooltip-actions={undefined}
                                    data-tooltip-body={undefined}
+                                   data-tooltip-rows={"[{\"label\":\"日期时段\",\"value\":\"04-11 06:00\"},{\"label\":\"..."}
-                                   data-tooltip-rows={"[{\"label\":\"日期时段\",\"value\":\"04-11 06:00\"},{\"label\":\"..."}
                                    data-tooltip-title="热力单元详情"
                                  >
                                  <div
                                    className="heatmap-cell group relative min-h-[26px] overflow-hidden border bg-[#06..."
                                    data-dimmed={undefined}
                                    data-hovered={undefined}
                                    data-related={undefined}
                                    onPointerEnter={function onPointerEnter}
                                    onPointerLeave={function onPointerLeave}
                                    data-tooltip-actions={undefined}
                                    data-tooltip-body={undefined}
+                                   data-tooltip-rows={"[{\"label\":\"日期时段\",\"value\":\"04-11 12:00\"},{\"label\":\"..."}
-                                   data-tooltip-rows={"[{\"label\":\"日期时段\",\"value\":\"04-11 12:00\"},{\"label\":\"..."}
                                    data-tooltip-title="热力单元详情"
                                  >
                                  <div
                                    className="heatmap-cell group relative min-h-[26px] overflow-hidden border bg-[#06..."
                                    data-dimmed={undefined}
                                    data-hovered={undefined}
                                    data-related={undefined}
                                    onPointerEnter={function onPointerEnter}
                                    onPointerLeave={function onPointerLeave}
                                    data-tooltip-actions={undefined}
                                    data-tooltip-body={undefined}
+                                   data-tooltip-rows={"[{\"label\":\"日期时段\",\"value\":\"04-11 18:00\"},{\"label\":\"..."}
-                                   data-tooltip-rows={"[{\"label\":\"日期时段\",\"value\":\"04-11 18:00\"},{\"label\":\"..."}
                                    data-tooltip-title="热力单元详情"
                                  >
                                  <div
                                    className="heatmap-cell group relative min-h-[26px] overflow-hidden border bg-[#06..."
                                    data-dimmed={undefined}
                                    data-hovered={undefined}
                                    data-related={undefined}
                                    onPointerEnter={function onPointerEnter}
                                    onPointerLeave={function onPointerLeave}
                                    data-tooltip-actions={undefined}
                                    data-tooltip-body={undefined}
+                                   data-tooltip-rows={"[{\"label\":\"日期时段\",\"value\":\"04-12 00:00\"},{\"label\":\"..."}
-                                   data-tooltip-rows={"[{\"label\":\"日期时段\",\"value\":\"04-12 00:00\"},{\"label\":\"..."}
                                    data-tooltip-title="热力单元详情"
                                  >
                                  <div
                                    className="heatmap-cell group relative min-h-[26px] overflow-hidden border bg-[#06..."
                                    data-dimmed={undefined}
                                    data-hovered={undefined}
                                    data-related={undefined}
                                    onPointerEnter={function onPointerEnter}
                                    onPointerLeave={function onPointerLeave}
                                    data-tooltip-actions={undefined}
                                    data-tooltip-body={undefined}
+                                   data-tooltip-rows={"[{\"label\":\"日期时段\",\"value\":\"04-12 06:00\"},{\"label\":\"..."}
-                                   data-tooltip-rows={"[{\"label\":\"日期时段\",\"value\":\"04-12 06:00\"},{\"label\":\"..."}
                                    data-tooltip-title="热力单元详情"
                                  >
                                  <div
                                    className="heatmap-cell group relative min-h-[26px] overflow-hidden border bg-[#06..."
                                    data-dimmed={undefined}
                                    data-hovered={undefined}
                                    data-related={undefined}
                                    onPointerEnter={function onPointerEnter}
                                    onPointerLeave={function onPointerLeave}
                                    data-tooltip-actions={undefined}
                                    data-tooltip-body={undefined}
+                                   data-tooltip-rows={"[{\"label\":\"日期时段\",\"value\":\"04-12 12:00\"},{\"label\":\"..."}
-                                   data-tooltip-rows={"[{\"label\":\"日期时段\",\"value\":\"04-12 12:00\"},{\"label\":\"..."}
                                    data-tooltip-title="热力单元详情"
                                  >
                                  <div
                                    className="heatmap-cell group relative min-h-[26px] overflow-hidden border bg-[#06..."
                                    data-dimmed={undefined}
                                    data-hovered={undefined}
                                    data-related={undefined}
                                    onPointerEnter={function onPointerEnter}
                                    onPointerLeave={function onPointerLeave}
                                    data-tooltip-actions={undefined}
                                    data-tooltip-body={undefined}
+                                   data-tooltip-rows={"[{\"label\":\"日期时段\",\"value\":\"04-12 18:00\"},{\"label\":\"..."}
-                                   data-tooltip-rows={"[{\"label\":\"日期时段\",\"value\":\"04-12 18:00\"},{\"label\":\"..."}
                                    data-tooltip-title="热力单元详情"
                                  >
                                  <div
                                    className="heatmap-cell group relative min-h-[26px] overflow-hidden border bg-[#06..."
                                    data-dimmed={undefined}
                                    data-hovered={undefined}
                                    data-related={undefined}
                                    onPointerEnter={function onPointerEnter}
                                    onPointerLeave={function onPointerLeave}
                                    data-tooltip-actions={undefined}
                                    data-tooltip-body={undefined}
+                                   data-tooltip-rows={"[{\"label\":\"日期时段\",\"value\":\"04-13 00:00\"},{\"label\":\"..."}
-                                   data-tooltip-rows={"[{\"label\":\"日期时段\",\"value\":\"04-13 00:00\"},{\"label\":\"..."}
                                    data-tooltip-title="热力单元详情"
                                  >
                                  <div
                                    className="heatmap-cell group relative min-h-[26px] overflow-hidden border bg-[#06..."
                                    data-dimmed={undefined}
                                    data-hovered={undefined}
                                    data-related={undefined}
                                    onPointerEnter={function onPointerEnter}
                                    onPointerLeave={function onPointerLeave}
                                    data-tooltip-actions={undefined}
                                    data-tooltip-body={undefined}
+                                   data-tooltip-rows={"[{\"label\":\"日期时段\",\"value\":\"04-13 06:00\"},{\"label\":\"..."}
-                                   data-tooltip-rows={"[{\"label\":\"日期时段\",\"value\":\"04-13 06:00\"},{\"label\":\"..."}
                                    data-tooltip-title="热力单元详情"
                                  >
                                  <div
                                    className="heatmap-cell group relative min-h-[26px] overflow-hidden border bg-[#06..."
                                    data-dimmed={undefined}
                                    data-hovered={undefined}
                                    data-related={undefined}
                                    onPointerEnter={function onPointerEnter}
                                    onPointerLeave={function onPointerLeave}
                                    data-tooltip-actions={undefined}
                                    data-tooltip-body={undefined}
+                                   data-tooltip-rows={"[{\"label\":\"日期时段\",\"value\":\"04-13 12:00\"},{\"label\":\"..."}
-                                   data-tooltip-rows={"[{\"label\":\"日期时段\",\"value\":\"04-13 12:00\"},{\"label\":\"..."}
                                    data-tooltip-title="热力单元详情"
                                  >
                                  <div
                                    className="heatmap-cell group relative min-h-[26px] overflow-hidden border bg-[#06..."
                                    data-dimmed={undefined}
                                    data-hovered={undefined}
                                    data-related={undefined}
                                    onPointerEnter={function onPointerEnter}
                                    onPointerLeave={function onPointerLeave}
                                    data-tooltip-actions={undefined}
                                    data-tooltip-body={undefined}
+                                   data-tooltip-rows={"[{\"label\":\"日期时段\",\"value\":\"04-13 18:00\"},{\"label\":\"..."}
-                                   data-tooltip-rows={"[{\"label\":\"日期时段\",\"value\":\"04-13 18:00\"},{\"label\":\"..."}
                                    data-tooltip-title="热力单元详情"
                                  >
                                  <div
                                    className="heatmap-cell group relative min-h-[26px] overflow-hidden border bg-[#06..."
                                    data-dimmed={undefined}
                                    data-hovered={undefined}
                                    data-related={undefined}
                                    onPointerEnter={function onPointerEnter}
                                    onPointerLeave={function onPointerLeave}
                                    data-tooltip-actions={undefined}
                                    data-tooltip-body={undefined}
+                                   data-tooltip-rows={"[{\"label\":\"日期时段\",\"value\":\"04-14 00:00\"},{\"label\":\"..."}
-                                   data-tooltip-rows={"[{\"label\":\"日期时段\",\"value\":\"04-14 00:00\"},{\"label\":\"..."}
                                    data-tooltip-title="热力单元详情"
                                  >
                                  <div
                                    className="heatmap-cell group relative min-h-[26px] overflow-hidden border bg-[#06..."
                                    data-dimmed={undefined}
                                    data-hovered={undefined}
                                    data-related={undefined}
                                    onPointerEnter={function onPointerEnter}
                                    onPointerLeave={function onPointerLeave}
                                    data-tooltip-actions={undefined}
                                    data-tooltip-body={undefined}
+                                   data-tooltip-rows={"[{\"label\":\"日期时段\",\"value\":\"04-14 06:00\"},{\"label\":\"..."}
-                                   data-tooltip-rows={"[{\"label\":\"日期时段\",\"value\":\"04-14 06:00\"},{\"label\":\"..."}
                                    data-tooltip-title="热力单元详情"
                                  >
                                  <div
                                    className="heatmap-cell group relative min-h-[26px] overflow-hidden border bg-[#06..."
                                    data-dimmed={undefined}
                                    data-hovered={undefined}
                                    data-related={undefined}
                                    onPointerEnter={function onPointerEnter}
                                    onPointerLeave={function onPointerLeave}
                                    data-tooltip-actions={undefined}
                                    data-tooltip-body={undefined}
+                                   data-tooltip-rows={"[{\"label\":\"日期时段\",\"value\":\"04-14 12:00\"},{\"label\":\"..."}
-                                   data-tooltip-rows={"[{\"label\":\"日期时段\",\"value\":\"04-14 12:00\"},{\"label\":\"..."}
                                    data-tooltip-title="热力单元详情"
                                  >
                                  <div
                                    className="heatmap-cell group relative min-h-[26px] overflow-hidden border bg-[#06..."
                                    data-dimmed={undefined}
                                    data-hovered={undefined}
                                    data-related={undefined}
                                    onPointerEnter={function onPointerEnter}
                                    onPointerLeave={function onPointerLeave}
                                    data-tooltip-actions={undefined}
                                    data-tooltip-body={undefined}
+                                   data-tooltip-rows={"[{\"label\":\"日期时段\",\"value\":\"04-14 18:00\"},{\"label\":\"..."}
-                                   data-tooltip-rows={"[{\"label\":\"日期时段\",\"value\":\"04-14 18:00\"},{\"label\":\"..."}
                                    data-tooltip-title="热力单元详情"
                                  >
                                  <div
                                    className="heatmap-cell group relative min-h-[26px] overflow-hidden border bg-[#06..."
                                    data-dimmed={undefined}
                                    data-hovered={undefined}
                                    data-related={undefined}
                                    onPointerEnter={function onPointerEnter}
                                    onPointerLeave={function onPointerLeave}
                                    data-tooltip-actions={undefined}
                                    data-tooltip-body={undefined}
+                                   data-tooltip-rows={"[{\"label\":\"日期时段\",\"value\":\"04-15 00:00\"},{\"label\":\"..."}
-                                   data-tooltip-rows={"[{\"label\":\"日期时段\",\"value\":\"04-15 00:00\"},{\"label\":\"..."}
                                    data-tooltip-title="热力单元详情"
                                  >
                                  <div
                                    className="heatmap-cell group relative min-h-[26px] overflow-hidden border bg-[#06..."
                                    data-dimmed={undefined}
                                    data-hovered={undefined}
                                    data-related={undefined}
                                    onPointerEnter={function onPointerEnter}
                                    onPointerLeave={function onPointerLeave}
                                    data-tooltip-actions={undefined}
                                    data-tooltip-body={undefined}
+                                   data-tooltip-rows={"[{\"label\":\"日期时段\",\"value\":\"04-15 06:00\"},{\"label\":\"..."}
-                                   data-tooltip-rows={"[{\"label\":\"日期时段\",\"value\":\"04-15 06:00\"},{\"label\":\"..."}
                                    data-tooltip-title="热力单元详情"
                                  >
                                  <div
                                    className="heatmap-cell group relative min-h-[26px] overflow-hidden border bg-[#06..."
                                    data-dimmed={undefined}
                                    data-hovered={undefined}
                                    data-related={undefined}
                                    onPointerEnter={function onPointerEnter}
                                    onPointerLeave={function onPointerLeave}
                                    data-tooltip-actions={undefined}
                                    data-tooltip-body={undefined}
+                                   data-tooltip-rows={"[{\"label\":\"日期时段\",\"value\":\"04-15 12:00\"},{\"label\":\"..."}
-                                   data-tooltip-rows={"[{\"label\":\"日期时段\",\"value\":\"04-15 12:00\"},{\"label\":\"..."}
                                    data-tooltip-title="热力单元详情"
                                  >
                                  <div
                                    className="heatmap-cell group relative min-h-[26px] overflow-hidden border bg-[#06..."
                                    data-dimmed={undefined}
                                    data-hovered={undefined}
                                    data-related={undefined}
                                    onPointerEnter={function onPointerEnter}
                                    onPointerLeave={function onPointerLeave}
                                    data-tooltip-actions={undefined}
                                    data-tooltip-body={undefined}
+                                   data-tooltip-rows={"[{\"label\":\"日期时段\",\"value\":\"04-15 18:00\"},{\"label\":\"..."}
-                                   data-tooltip-rows={"[{\"label\":\"日期时段\",\"value\":\"04-15 18:00\"},{\"label\":\"..."}
                                    data-tooltip-title="热力单元详情"
                                  >
                                ...
              ...
            ...
          ...
 @ http://localhost:3002/_next/static/chunks/0nan_next_dist_0re-alt._.js:3272
[    6527ms] [WARNING] THREE.THREE.Clock: This module has been deprecated. Please use THREE.Timer instead. @ http://localhost:3002/_next/static/chunks/0nan_next_dist_0re-alt._.js:2431
[    8121ms] [WARNING] The powerPreference option is currently ignored when calling requestAdapter() on Windows. See https://crbug.com/369219127 @ http://localhost:3002/_next/static/chunks/07nq_three_build_three_webgpu_0~8eknf.js:54770
[    8273ms] [WARNING] Asset not found: 3398e925-95f6-4861-9b83-4f24ca8abb46 @ http://localhost:3002/_next/static/chunks/0nan_next_dist_0re-alt._.js:2431
[   40550ms] [LOG] [Fast Refresh] rebuilding @ http://localhost:3002/_next/static/chunks/0nan_next_dist_0re-alt._.js:2431
[   41264ms] [LOG] [Fast Refresh] done in 829ms @ http://localhost:3002/_next/static/chunks/0nan_next_dist_0re-alt._.js:2431
[   48195ms] [LOG] [Fast Refresh] rebuilding @ http://localhost:3002/_next/static/chunks/0nan_next_dist_0re-alt._.js:2431
[   50413ms] [LOG] [Fast Refresh] done in 2197ms @ http://localhost:3002/_next/static/chunks/0nan_next_dist_0re-alt._.js:2431
[   56158ms] [LOG] [Fast Refresh] rebuilding @ http://localhost:3002/_next/static/chunks/0nan_next_dist_0re-alt._.js:2431
[   56168ms] [LOG] [Fast Refresh] done in 197ms @ http://localhost:3002/_next/static/chunks/0nan_next_dist_0re-alt._.js:2431
[   58451ms] [INFO] %cDownload the React DevTools for a better development experience: https://react.dev/link/react-devtools font-weight:bold @ http://localhost:3002/_next/static/chunks/0nan_next_dist_0re-alt._.js:2431
[   58586ms] [LOG] [HMR] connected @ http://localhost:3002/_next/static/chunks/0nan_next_dist_0re-alt._.js:2431
[   62628ms] [WARNING] THREE.THREE.Clock: This module has been deprecated. Please use THREE.Timer instead. @ http://localhost:3002/_next/static/chunks/0nan_next_dist_0re-alt._.js:2431
[   64035ms] [WARNING] The powerPreference option is currently ignored when calling requestAdapter() on Windows. See https://crbug.com/369219127 @ http://localhost:3002/_next/static/chunks/07nq_three_build_three_webgpu_0~8eknf.js:54770
[   64155ms] [WARNING] Asset not found: 3398e925-95f6-4861-9b83-4f24ca8abb46 @ http://localhost:3002/_next/static/chunks/0nan_next_dist_0re-alt._.js:2431
[  217205ms] [LOG] [Fast Refresh] rebuilding @ http://localhost:3002/_next/static/chunks/0nan_next_dist_0re-alt._.js:2431
[  217704ms] [LOG] [Fast Refresh] done in 577ms @ http://localhost:3002/_next/static/chunks/0nan_next_dist_0re-alt._.js:2431
